// Jest Snapshot v1, https://goo.gl/fbAQLP

exports[`finds all dependency type declarations from an ast when given one interface 1`] = `
"interface AutoDiscovered {
    available_tenants: IAvailableTenants;
}
interface IAvailableTenants {
    primary: IPrimary;
}
"
`;
